// Jest Snapshot v1, https://goo.gl/fbAQLP

exports[`Link changes the class when hovered 1`] = `
<select
  onChange={[Function]}
  value="4"
>
  <option
    value="1"
  >
    1
  </option>
  <option
    value="2"
  >
    2
  </option>
  <option
    value="3"
  >
    3
  </option>
  <option
    value="4"
  >
    4
  </option>
  <option
    value="5"
  >
    5
  </option>
</select>
`;

exports[`Link changes the class when hovered 2`] = `
<select
  onChange={[Function]}
  value="4"
>
  <option
    value="1"
  >
    1
  </option>
  <option
    value="2"
  >
    2
  </option>
  <option
    value="3"
  >
    3
  </option>
  <option
    value="4"
  >
    4
  </option>
  <option
    value="5"
  >
    5
  </option>
</select>
`;

exports[`Link changes the class when hovered 3`] = `
<select
  onChange={[Function]}
  value="4"
>
  <option
    value="1"
  >
    1
  </option>
  <option
    value="2"
  >
    2
  </option>
  <option
    value="3"
  >
    3
  </option>
  <option
    value="4"
  >
    4
  </option>
  <option
    value="5"
  >
    5
  </option>
</select>
`;
